ERROR:root:failed
